2026-05-04 20:18:55,012 - context_mapper_json_converter.cli - INFO - Reading JSON input from examples/basic/insurance-system.json
2026-05-04 20:18:55,417 - context_mapper_json_converter.context_mapper_integration - INFO - Detected Java Runtime: openjdk version "25.0.2" 2026-01-20
2026-05-04 20:18:55,417 - context_mapper_json_converter.cli - INFO - Context Mapper CLI integration enabled
2026-05-04 20:18:55,417 - context_mapper_json_converter.cli - INFO - Validating JSON schema...
2026-05-04 20:18:55,418 - context_mapper_json_converter.cli - INFO - JSON schema validation passed
2026-05-04 20:18:55,418 - context_mapper_json_converter.cli - INFO - Validating semantic rules...
2026-05-04 20:18:55,418 - context_mapper_json_converter.cli - INFO - Semantic validation passed
2026-05-04 20:19:17,484 - context_mapper_json_converter.cli - INFO - Reading JSON input from examples/basic/insurance-system.json
2026-05-04 20:19:17,485 - context_mapper_json_converter.cli - INFO - Validating JSON schema...
2026-05-04 20:19:17,485 - context_mapper_json_converter.cli - INFO - JSON schema validation passed
2026-05-04 20:19:17,485 - context_mapper_json_converter.cli - INFO - Validating semantic rules...
2026-05-04 20:19:17,485 - context_mapper_json_converter.cli - INFO - Semantic validation passed
2026-05-04 20:19:17,485 - context_mapper_json_converter.cli - INFO - Converting JSON to CML...
2026-05-04 20:19:17,507 - context_mapper_json_converter.cli - INFO - JSON to CML conversion completed
2026-05-04 20:19:17,507 - context_mapper_json_converter.cli - INFO - Validating generated CML...
2026-05-04 20:19:17,508 - context_mapper_json_converter.cli - INFO - CML validation passed
2026-05-04 20:37:12,304 - context_mapper_json_converter.cli - INFO - Reading JSON input from examples/basic/insurance-system.json
2026-05-04 20:37:12,703 - context_mapper_json_converter.context_mapper_integration - INFO - Detected Java Runtime: openjdk version "25.0.2" 2026-01-20
2026-05-04 20:37:12,703 - context_mapper_json_converter.cli - INFO - Context Mapper CLI integration enabled
2026-05-04 20:37:12,703 - context_mapper_json_converter.cli - INFO - Validating JSON schema...
2026-05-04 20:37:12,704 - context_mapper_json_converter.cli - INFO - JSON schema validation passed
2026-05-04 20:37:12,704 - context_mapper_json_converter.cli - INFO - Validating semantic rules...
2026-05-04 20:37:12,704 - context_mapper_json_converter.cli - INFO - Semantic validation passed
2026-05-04 21:05:33,675 - context_mapper_json_converter.cli - INFO - Reading JSON input from examples/basic/insurance-system.json
2026-05-04 21:05:34,062 - context_mapper_json_converter.context_mapper_integration - INFO - Detected Java Runtime: openjdk version "25.0.2" 2026-01-20
2026-05-04 21:05:34,063 - context_mapper_json_converter.cli - INFO - Context Mapper CLI integration enabled
2026-05-04 21:05:34,063 - context_mapper_json_converter.cli - INFO - Validating JSON schema...
2026-05-04 21:05:34,063 - context_mapper_json_converter.cli - INFO - JSON schema validation passed
2026-05-04 21:05:34,063 - context_mapper_json_converter.cli - INFO - Validating semantic rules...
2026-05-04 21:05:34,063 - context_mapper_json_converter.cli - INFO - Semantic validation passed
